%!Adobe-FontList 1.24
%Locale:0x412

%BeginFont
Handler:DirectoryHandler
FontType:Invalid
OutlineFileName:H:\zasoque\sat\자소크\디자인\Font\sets.txt
FileModTime:1680326932
%EndFont

%BeginFont
Handler:DirectoryHandler
FontType:Type1
FontName:ZeminComicSansThin
FamilyName:Zemin Comic Sans
StyleName:Thin
FullName:Zemin Comic Sans Thin
MenuName:Zemin Comic Sans Thin
StyleBits:0
WritingScript:Roman
OutlineFileName:H:\zasoque\sat\자소크\디자인\Font\zemin naput comic sans\ZeminComicSans-Thin.otf
DataFormat:sfntData
UsesStandardEncoding:yes
isCFF:yes
hasSVG:no
hasCOLR:no
VariableFontType:NonVariableFont
FileLength:101728
FileModTime:1680326932
WeightClass:100
WidthClass:5
AngleClass:0
NameArray:0,Mac,4,Zemin Comic Sans Thin
NameArray:0,Win,1,Zemin Comic Sans Thin
NameArray:0,Win,16,Zemin Comic Sans
%EndFont

%BeginFont
Handler:DirectoryHandler
FontType:Type1
FontName:ZeminComicSansRegular
FamilyName:Zemin Comic Sans
StyleName:Regular
FullName:Zemin Comic Sans
MenuName:Zemin Comic Sans
StyleBits:0
WritingScript:Roman
OutlineFileName:H:\zasoque\sat\자소크\디자인\Font\zemin naput comic sans\ZeminComicSans.otf
DataFormat:sfntData
UsesStandardEncoding:yes
isCFF:yes
hasSVG:no
hasCOLR:no
VariableFontType:NonVariableFont
FileLength:87156
FileModTime:1680326932
WeightClass:400
WidthClass:5
AngleClass:0
NameArray:0,Mac,4,Zemin Comic Sans
NameArray:0,Win,1,Zemin Comic Sans
NameArray:0,Win,16,Zemin Comic Sans
%EndFont

%BeginFont
Handler:DirectoryHandler
FontType:Invalid
OutlineFileName:H:\zasoque\sat\자소크\디자인\Font\zemin naput comic sans\zemin.ai
FileModTime:1680326932
%EndFont

%BeginFont
Handler:DirectoryHandler
FontType:Type1
FontName:ZeminGothicRegular
FamilyName:Zemin Gothic
StyleName:Regular
FullName:Zemin Gothic
MenuName:Zemin Gothic
StyleBits:0
WritingScript:Roman
OutlineFileName:H:\zasoque\sat\자소크\디자인\Font\zemin pota gothic\ZeminGothic.otf
DataFormat:sfntData
UsesStandardEncoding:yes
isCFF:yes
hasSVG:no
hasCOLR:no
VariableFontType:NonVariableFont
FileLength:31952
FileModTime:1680326932
WeightClass:400
WidthClass:5
AngleClass:0
NameArray:0,Mac,4,Zemin Gothic
NameArray:0,Win,1,Zemin Gothic
NameArray:0,Win,16,Zemin Gothic
%EndFont

%BeginFont
Handler:DirectoryHandler
FontType:Invalid
OutlineFileName:H:\zasoque\sat\자소크\디자인\Font\zemin pota gothic\zemin gothic.ai
FileModTime:1680326932
%EndFont

%BeginFont
Handler:DirectoryHandler
FontType:Invalid
OutlineFileName:H:\zasoque\sat\자소크\디자인\Font\zemin.ai
FileModTime:1680326932
%EndFont

%BeginFont
Handler:DirectoryHandler
FontType:Invalid
OutlineFileName:H:\zasoque\sat\자소크\디자인\Font\똥\Galun Sans\Galun Sans.ai
FileModTime:1680326932
%EndFont

%BeginFont
Handler:DirectoryHandler
FontType:Type1
FontName:GalunSansRegular
FamilyName:Galun Sans
StyleName:Regular
FullName:Galun Sans
MenuName:Galun Sans
StyleBits:0
WritingScript:Roman
OutlineFileName:H:\zasoque\sat\자소크\디자인\Font\똥\Galun Sans\GalunSans.otf
DataFormat:sfntData
UsesStandardEncoding:yes
isCFF:yes
hasSVG:no
hasCOLR:no
VariableFontType:NonVariableFont
FileLength:17616
FileModTime:1680326932
WeightClass:400
WidthClass:5
AngleClass:0
NameArray:0,Mac,4,Galun Sans
NameArray:0,Win,1,Galun Sans
NameArray:0,Win,16,Galun Sans
%EndFont

%BeginFont
Handler:DirectoryHandler
FontType:Invalid
OutlineFileName:H:\zasoque\sat\자소크\디자인\Font\똥\yjemin\#.svg
FileModTime:1680326932
%EndFont

%BeginFont
Handler:DirectoryHandler
FontType:Invalid
OutlineFileName:H:\zasoque\sat\자소크\디자인\Font\똥\yjemin\$.svg
FileModTime:1680326932
%EndFont

%BeginFont
Handler:DirectoryHandler
FontType:Invalid
OutlineFileName:H:\zasoque\sat\자소크\디자인\Font\똥\yjemin\&.svg
FileModTime:1680326932
%EndFont

%BeginFont
Handler:DirectoryHandler
FontType:Invalid
OutlineFileName:H:\zasoque\sat\자소크\디자인\Font\똥\yjemin\&_.svg
FileModTime:1680326932
%EndFont

%BeginFont
Handler:DirectoryHandler
FontType:Invalid
OutlineFileName:H:\zasoque\sat\자소크\디자인\Font\똥\yjemin\'.svg
FileModTime:1680326932
%EndFont

%BeginFont
Handler:DirectoryHandler
FontType:Invalid
OutlineFileName:H:\zasoque\sat\자소크\디자인\Font\똥\yjemin\(svg.svg
FileModTime:1680326932
%EndFont

%BeginFont
Handler:DirectoryHandler
FontType:Invalid
OutlineFileName:H:\zasoque\sat\자소크\디자인\Font\똥\yjemin\).svg
FileModTime:1680326932
%EndFont

%BeginFont
Handler:DirectoryHandler
FontType:Invalid
OutlineFileName:H:\zasoque\sat\자소크\디자인\Font\똥\yjemin\+.svg
FileModTime:1680326932
%EndFont

%BeginFont
Handler:DirectoryHandler
FontType:Invalid
OutlineFileName:H:\zasoque\sat\자소크\디자인\Font\똥\yjemin\,.svg
FileModTime:1680326932
%EndFont

%BeginFont
Handler:DirectoryHandler
FontType:Invalid
OutlineFileName:H:\zasoque\sat\자소크\디자인\Font\똥\yjemin\-.svg
FileModTime:1680326932
%EndFont

%BeginFont
Handler:DirectoryHandler
FontType:Invalid
OutlineFileName:H:\zasoque\sat\자소크\디자인\Font\똥\yjemin\..svg
FileModTime:1680326932
%EndFont

%BeginFont
Handler:DirectoryHandler
FontType:Invalid
OutlineFileName:H:\zasoque\sat\자소크\디자인\Font\똥\yjemin\0.svg
FileModTime:1680326932
%EndFont

%BeginFont
Handler:DirectoryHandler
FontType:Invalid
OutlineFileName:H:\zasoque\sat\자소크\디자인\Font\똥\yjemin\1.svg
FileModTime:1680326932
%EndFont

%BeginFont
Handler:DirectoryHandler
FontType:Invalid
OutlineFileName:H:\zasoque\sat\자소크\디자인\Font\똥\yjemin\2.svg
FileModTime:1680326932
%EndFont

%BeginFont
Handler:DirectoryHandler
FontType:Invalid
OutlineFileName:H:\zasoque\sat\자소크\디자인\Font\똥\yjemin\20210525_164640.jpg
FileModTime:1680326932
%EndFont

%BeginFont
Handler:DirectoryHandler
FontType:Invalid
OutlineFileName:H:\zasoque\sat\자소크\디자인\Font\똥\yjemin\20210525_164643.jpg
FileModTime:1680326932
%EndFont

%BeginFont
Handler:DirectoryHandler
FontType:Invalid
OutlineFileName:H:\zasoque\sat\자소크\디자인\Font\똥\yjemin\20210525_164650.jpg
FileModTime:1680326932
%EndFont

%BeginFont
Handler:DirectoryHandler
FontType:Invalid
OutlineFileName:H:\zasoque\sat\자소크\디자인\Font\똥\yjemin\3.svg
FileModTime:1680326932
%EndFont

%BeginFont
Handler:DirectoryHandler
FontType:Invalid
OutlineFileName:H:\zasoque\sat\자소크\디자인\Font\똥\yjemin\4.svg
FileModTime:1680326932
%EndFont

%BeginFont
Handler:DirectoryHandler
FontType:Invalid
OutlineFileName:H:\zasoque\sat\자소크\디자인\Font\똥\yjemin\5.svg
FileModTime:1680326932
%EndFont

%BeginFont
Handler:DirectoryHandler
FontType:Invalid
OutlineFileName:H:\zasoque\sat\자소크\디자인\Font\똥\yjemin\6.svg
FileModTime:1680326932
%EndFont

%BeginFont
Handler:DirectoryHandler
FontType:Invalid
OutlineFileName:H:\zasoque\sat\자소크\디자인\Font\똥\yjemin\7.svg
FileModTime:1680326932
%EndFont

%BeginFont
Handler:DirectoryHandler
FontType:Invalid
OutlineFileName:H:\zasoque\sat\자소크\디자인\Font\똥\yjemin\8.svg
FileModTime:1680326932
%EndFont

%BeginFont
Handler:DirectoryHandler
FontType:Invalid
OutlineFileName:H:\zasoque\sat\자소크\디자인\Font\똥\yjemin\9.svg
FileModTime:1680326932
%EndFont

%BeginFont
Handler:DirectoryHandler
FontType:Invalid
OutlineFileName:H:\zasoque\sat\자소크\디자인\Font\똥\yjemin\;.svg
FileModTime:1680326932
%EndFont

%BeginFont
Handler:DirectoryHandler
FontType:Invalid
OutlineFileName:H:\zasoque\sat\자소크\디자인\Font\똥\yjemin\=.svg
FileModTime:1680326932
%EndFont

%BeginFont
Handler:DirectoryHandler
FontType:Invalid
OutlineFileName:H:\zasoque\sat\자소크\디자인\Font\똥\yjemin\@.svg
FileModTime:1680326932
%EndFont

%BeginFont
Handler:DirectoryHandler
FontType:TrueType
FontName:YJemin
FamilyName:YJemin
StyleName:Regular
FullName:YJemin
MenuName:YJemin
StyleBits:0
WritingScript:Roman
OutlineFileName:H:\zasoque\sat\자소크\디자인\Font\똥\yjemin\YJemin.ttf
DataFormat:sfntData
hasSVG:no
hasCOLR:no
VariableFontType:NonVariableFont
FileLength:6128
FileModTime:1680326932
WeightClass:400
WidthClass:5
AngleClass:0
NameArray:0,Mac,4,YJemin
NameArray:0,Win,1,YJemin
%EndFont

%BeginFont
Handler:DirectoryHandler
FontType:TrueType
FontName:YJemin
FamilyName:YJemin
StyleName:Regular
FullName:YJemin
MenuName:YJemin
StyleBits:0
WritingScript:Roman
OutlineFileName:H:\zasoque\sat\자소크\디자인\Font\똥\yjemin\YJemin2.ttf
DataFormat:sfntData
hasSVG:no
hasCOLR:no
VariableFontType:NonVariableFont
FileLength:6144
FileModTime:1680326932
WeightClass:400
WidthClass:5
AngleClass:0
NameArray:0,Mac,4,YJemin
NameArray:0,Win,1,YJemin
%EndFont

%BeginFont
Handler:DirectoryHandler
FontType:TrueType
FontName:YJemin
FamilyName:YJemin
StyleName:Regular
FullName:YJemin
MenuName:YJemin
StyleBits:0
WritingScript:Roman
OutlineFileName:H:\zasoque\sat\자소크\디자인\Font\똥\yjemin\YJemin3.ttf
DataFormat:sfntData
hasSVG:no
hasCOLR:no
VariableFontType:NonVariableFont
FileLength:6144
FileModTime:1680326932
WeightClass:400
WidthClass:5
AngleClass:0
NameArray:0,Mac,4,YJemin
NameArray:0,Win,1,YJemin
%EndFont

%BeginFont
Handler:DirectoryHandler
FontType:TrueType
FontName:YJemin
FamilyName:YJemin
StyleName:Regular
FullName:YJemin
MenuName:YJemin
StyleBits:0
WritingScript:Roman
OutlineFileName:H:\zasoque\sat\자소크\디자인\Font\똥\yjemin\YJemin4.ttf
DataFormat:sfntData
hasSVG:no
hasCOLR:no
VariableFontType:NonVariableFont
FileLength:6156
FileModTime:1680326932
WeightClass:400
WidthClass:5
AngleClass:0
NameArray:0,Mac,4,YJemin
NameArray:0,Win,1,YJemin
%EndFont

%BeginFont
Handler:DirectoryHandler
FontType:TrueType
FontName:YJemin
FamilyName:YJemin
StyleName:Regular
FullName:YJemin
MenuName:YJemin
StyleBits:0
WritingScript:Roman
OutlineFileName:H:\zasoque\sat\자소크\디자인\Font\똥\yjemin\YJemin5.ttf
DataFormat:sfntData
hasSVG:no
hasCOLR:no
VariableFontType:NonVariableFont
FileLength:6168
FileModTime:1680326932
WeightClass:400
WidthClass:5
AngleClass:0
NameArray:0,Mac,4,YJemin
NameArray:0,Win,1,YJemin
%EndFont

%BeginFont
Handler:DirectoryHandler
FontType:TrueType
FontName:YJemin
FamilyName:YJemin
StyleName:Regular
FullName:YJemin
MenuName:YJemin
StyleBits:0
WritingScript:Roman
OutlineFileName:H:\zasoque\sat\자소크\디자인\Font\똥\yjemin\YJemin6.ttf
DataFormat:sfntData
hasSVG:no
hasCOLR:no
VariableFontType:NonVariableFont
FileLength:6176
FileModTime:1680326932
WeightClass:400
WidthClass:5
AngleClass:0
NameArray:0,Mac,4,YJemin
NameArray:0,Win,1,YJemin
%EndFont

%BeginFont
Handler:DirectoryHandler
FontType:TrueType
FontName:YJemin
FamilyName:YJemin
StyleName:Regular
FullName:YJemin
MenuName:YJemin
StyleBits:0
WritingScript:Roman
OutlineFileName:H:\zasoque\sat\자소크\디자인\Font\똥\yjemin\YJemin7.ttf
DataFormat:sfntData
hasSVG:no
hasCOLR:no
VariableFontType:NonVariableFont
FileLength:6172
FileModTime:1680326932
WeightClass:400
WidthClass:5
AngleClass:0
NameArray:0,Mac,4,YJemin
NameArray:0,Win,1,YJemin
%EndFont

%BeginFont
Handler:DirectoryHandler
FontType:TrueType
FontName:YJemin
FamilyName:YJemin
StyleName:Regular
FullName:YJemin
MenuName:YJemin
StyleBits:0
WritingScript:Roman
OutlineFileName:H:\zasoque\sat\자소크\디자인\Font\똥\yjemin\YJemin8.ttf
DataFormat:sfntData
hasSVG:no
hasCOLR:no
VariableFontType:NonVariableFont
FileLength:6192
FileModTime:1680326932
WeightClass:400
WidthClass:5
AngleClass:0
NameArray:0,Mac,4,YJemin
NameArray:0,Win,1,YJemin
%EndFont

%BeginFont
Handler:DirectoryHandler
FontType:Invalid
OutlineFileName:H:\zasoque\sat\자소크\디자인\Font\똥\yjemin\YJemin8.woff2
FileModTime:1680326932
%EndFont

%BeginFont
Handler:DirectoryHandler
FontType:Invalid
OutlineFileName:H:\zasoque\sat\자소크\디자인\Font\똥\yjemin\_or.svg
FileModTime:1680326932
%EndFont

%BeginFont
Handler:DirectoryHandler
FontType:Invalid
OutlineFileName:H:\zasoque\sat\자소크\디자인\Font\똥\yjemin\a.svg
FileModTime:1680326932
%EndFont

%BeginFont
Handler:DirectoryHandler
FontType:Invalid
OutlineFileName:H:\zasoque\sat\자소크\디자인\Font\똥\yjemin\backslash.svg
FileModTime:1680326932
%EndFont

%BeginFont
Handler:DirectoryHandler
FontType:Invalid
OutlineFileName:H:\zasoque\sat\자소크\디자인\Font\똥\yjemin\brace.svg
FileModTime:1680326932
%EndFont

%BeginFont
Handler:DirectoryHandler
FontType:Invalid
OutlineFileName:H:\zasoque\sat\자소크\디자인\Font\똥\yjemin\brace_.svg
FileModTime:1680326932
%EndFont

%BeginFont
Handler:DirectoryHandler
FontType:Invalid
OutlineFileName:H:\zasoque\sat\자소크\디자인\Font\똥\yjemin\bracket.svg
FileModTime:1680326932
%EndFont

%BeginFont
Handler:DirectoryHandler
FontType:Invalid
OutlineFileName:H:\zasoque\sat\자소크\디자인\Font\똥\yjemin\bracket_.svg
FileModTime:1680326932
%EndFont

%BeginFont
Handler:DirectoryHandler
FontType:Invalid
OutlineFileName:H:\zasoque\sat\자소크\디자인\Font\똥\yjemin\c.svg
FileModTime:1680326932
%EndFont

%BeginFont
Handler:DirectoryHandler
FontType:Invalid
OutlineFileName:H:\zasoque\sat\자소크\디자인\Font\똥\yjemin\d.svg
FileModTime:1680326932
%EndFont

%BeginFont
Handler:DirectoryHandler
FontType:Invalid
OutlineFileName:H:\zasoque\sat\자소크\디자인\Font\똥\yjemin\draft1.sfd
FileModTime:1680326932
%EndFont

%BeginFont
Handler:DirectoryHandler
FontType:Invalid
OutlineFileName:H:\zasoque\sat\자소크\디자인\Font\똥\yjemin\e.svg
FileModTime:1680326932
%EndFont

%BeginFont
Handler:DirectoryHandler
FontType:Invalid
OutlineFileName:H:\zasoque\sat\자소크\디자인\Font\똥\yjemin\e_.svg
FileModTime:1680326932
%EndFont

%BeginFont
Handler:DirectoryHandler
FontType:Invalid
OutlineFileName:H:\zasoque\sat\자소크\디자인\Font\똥\yjemin\exclamation_mark.svg
FileModTime:1680326932
%EndFont

%BeginFont
Handler:DirectoryHandler
FontType:Invalid
OutlineFileName:H:\zasoque\sat\자소크\디자인\Font\똥\yjemin\f.svg
FileModTime:1680326932
%EndFont

%BeginFont
Handler:DirectoryHandler
FontType:Invalid
OutlineFileName:H:\zasoque\sat\자소크\디자인\Font\똥\yjemin\g.svg
FileModTime:1680326932
%EndFont

%BeginFont
Handler:DirectoryHandler
FontType:Invalid
OutlineFileName:H:\zasoque\sat\자소크\디자인\Font\똥\yjemin\h.svg
FileModTime:1680326932
%EndFont

%BeginFont
Handler:DirectoryHandler
FontType:Invalid
OutlineFileName:H:\zasoque\sat\자소크\디자인\Font\똥\yjemin\i.svg
FileModTime:1680326932
%EndFont

%BeginFont
Handler:DirectoryHandler
FontType:Invalid
OutlineFileName:H:\zasoque\sat\자소크\디자인\Font\똥\yjemin\k.svg
FileModTime:1680326932
%EndFont

%BeginFont
Handler:DirectoryHandler
FontType:Invalid
OutlineFileName:H:\zasoque\sat\자소크\디자인\Font\똥\yjemin\l.svg
FileModTime:1680326932
%EndFont

%BeginFont
Handler:DirectoryHandler
FontType:Invalid
OutlineFileName:H:\zasoque\sat\자소크\디자인\Font\똥\yjemin\m.svg
FileModTime:1680326932
%EndFont

%BeginFont
Handler:DirectoryHandler
FontType:Invalid
OutlineFileName:H:\zasoque\sat\자소크\디자인\Font\똥\yjemin\main.ai
FileModTime:1680326932
%EndFont

%BeginFont
Handler:DirectoryHandler
FontType:Invalid
OutlineFileName:H:\zasoque\sat\자소크\디자인\Font\똥\yjemin\n.svg
FileModTime:1680326932
%EndFont

%BeginFont
Handler:DirectoryHandler
FontType:Invalid
OutlineFileName:H:\zasoque\sat\자소크\디자인\Font\똥\yjemin\o.svg
FileModTime:1680326932
%EndFont

%BeginFont
Handler:DirectoryHandler
FontType:Invalid
OutlineFileName:H:\zasoque\sat\자소크\디자인\Font\똥\yjemin\p.svg
FileModTime:1680326932
%EndFont

%BeginFont
Handler:DirectoryHandler
FontType:Invalid
OutlineFileName:H:\zasoque\sat\자소크\디자인\Font\똥\yjemin\parenthesis.svg
FileModTime:1680326932
%EndFont

%BeginFont
Handler:DirectoryHandler
FontType:Invalid
OutlineFileName:H:\zasoque\sat\자소크\디자인\Font\똥\yjemin\parenthesis_.svg
FileModTime:1680326932
%EndFont

%BeginFont
Handler:DirectoryHandler
FontType:Invalid
OutlineFileName:H:\zasoque\sat\자소크\디자인\Font\똥\yjemin\question_mark.svg
FileModTime:1680326932
%EndFont

%BeginFont
Handler:DirectoryHandler
FontType:Invalid
OutlineFileName:H:\zasoque\sat\자소크\디자인\Font\똥\yjemin\r.svg
FileModTime:1680326932
%EndFont

%BeginFont
Handler:DirectoryHandler
FontType:Invalid
OutlineFileName:H:\zasoque\sat\자소크\디자인\Font\똥\yjemin\r_.svg
FileModTime:1680326932
%EndFont

%BeginFont
Handler:DirectoryHandler
FontType:Invalid
OutlineFileName:H:\zasoque\sat\자소크\디자인\Font\똥\yjemin\s.svg
FileModTime:1680326932
%EndFont

%BeginFont
Handler:DirectoryHandler
FontType:Invalid
OutlineFileName:H:\zasoque\sat\자소크\디자인\Font\똥\yjemin\s_.svg
FileModTime:1680326932
%EndFont

%BeginFont
Handler:DirectoryHandler
FontType:Invalid
OutlineFileName:H:\zasoque\sat\자소크\디자인\Font\똥\yjemin\slash.svg
FileModTime:1680326932
%EndFont

%BeginFont
Handler:DirectoryHandler
FontType:Invalid
OutlineFileName:H:\zasoque\sat\자소크\디자인\Font\똥\yjemin\t.svg
FileModTime:1680326932
%EndFont

%BeginFont
Handler:DirectoryHandler
FontType:Invalid
OutlineFileName:H:\zasoque\sat\자소크\디자인\Font\똥\yjemin\tombstone.svg
FileModTime:1680326932
%EndFont

%BeginFont
Handler:DirectoryHandler
FontType:Invalid
OutlineFileName:H:\zasoque\sat\자소크\디자인\Font\똥\yjemin\u.svg
FileModTime:1680326932
%EndFont

%BeginFont
Handler:DirectoryHandler
FontType:Invalid
OutlineFileName:H:\zasoque\sat\자소크\디자인\Font\똥\yjemin\u_.svg
FileModTime:1680326932
%EndFont

%BeginFont
Handler:DirectoryHandler
FontType:Invalid
OutlineFileName:H:\zasoque\sat\자소크\디자인\Font\똥\yjemin\v.svg
FileModTime:1680326932
%EndFont

%BeginFont
Handler:DirectoryHandler
FontType:Invalid
OutlineFileName:H:\zasoque\sat\자소크\디자인\Font\똥\yjemin\x.svg
FileModTime:1680326932
%EndFont

%BeginFont
Handler:DirectoryHandler
FontType:Invalid
OutlineFileName:H:\zasoque\sat\자소크\디자인\Font\똥\yjemin\yjemin_render.py
FileModTime:1680326932
%EndFont

%BeginFont
Handler:DirectoryHandler
FontType:Invalid
OutlineFileName:H:\zasoque\sat\자소크\디자인\Font\똥\yjemin\z.svg
FileModTime:1680326932
%EndFont

%BeginFont
Handler:DirectoryHandler
FontType:Invalid
OutlineFileName:H:\zasoque\sat\자소크\디자인\Font\똥\yjemin\표.png
FileModTime:1680326932
%EndFont

%BeginFont
Handler:DirectoryHandler
FontType:Invalid
OutlineFileName:H:\zasoque\sat\자소크\디자인\Font\똥\yjemin\표.xlsx
FileModTime:1680326932
%EndFont

